// Jest Snapshot v1, https://goo.gl/fbAQLP

exports[`AthleteList renders correctly 1`] = `
<div
  className="makeStyles-athletesList-16"
  style={
    Object {
      "paddingTop": "8px",
    }
  }
>
  <div
    className="MuiFormControl-root MuiTextField-root MuiFormControl-fullWidth"
  >
    <label
      className="MuiFormLabel-root MuiInputLabel-root MuiInputLabel-formControl MuiInputLabel-animated MuiInputLabel-outlined"
      data-shrink={false}
    >
      Search Athlete...
    </label>
    <div
      className="MuiInputBase-root MuiOutlinedInput-root MuiInputBase-fullWidth MuiInputBase-formControl"
      onClick={[Function]}
    >
      <input
        aria-invalid={false}
        autoFocus={false}
        className="MuiInputBase-input MuiOutlinedInput-input"
        disabled={false}
        onAnimationStart={[Function]}
        onBlur={[Function]}
        onChange={[Function]}
        onFocus={[Function]}
        required={false}
        type="text"
        value=""
      />
      <fieldset
        aria-hidden={true}
        className="PrivateNotchedOutline-root-88 MuiOutlinedInput-notchedOutline"
      >
        <legend
          className="PrivateNotchedOutline-legendLabelled-90"
        >
          <span>
            Search Athlete...
          </span>
        </legend>
      </fieldset>
    </div>
  </div>
  <div
    className="makeStyles-innerList-17"
  >
    <ul
      className="MuiList-root MuiList-dense MuiList-padding"
    >
      <li
        className="MuiListItem-container"
      >
        <div
          aria-disabled={false}
          className="MuiButtonBase-root MuiListItem-root MuiListItem-dense MuiListItem-gutters MuiListItem-button MuiListItem-secondaryAction"
          onBlur={[Function]}
          onDragLeave={[Function]}
          onFocus={[Function]}
          onKeyDown={[Function]}
          onKeyUp={[Function]}
          onMouseDown={[Function]}
          onMouseLeave={[Function]}
          onMouseUp={[Function]}
          onTouchEnd={[Function]}
          onTouchMove={[Function]}
          onTouchStart={[Function]}
          role="button"
          tabIndex={0}
        >
          <div
            className="MuiListItemAvatar-root"
          >
            <div
              className="MuiAvatar-root MuiAvatar-circle MuiAvatar-colorDefault"
            >
              T
            </div>
          </div>
          <div
            className="MuiListItemText-root MuiListItemText-dense"
            id="checkbox-list-name-label-Test name"
          >
            <span
              className="MuiTypography-root MuiListItemText-primary MuiTypography-body2 MuiTypography-displayBlock"
            >
              Test name
            </span>
          </div>
        </div>
        <div
          className="MuiListItemSecondaryAction-root"
        >
          <span
            aria-disabled={false}
            className="MuiButtonBase-root MuiIconButton-root PrivateSwitchBase-root-162 MuiCheckbox-root MuiCheckbox-colorSecondary MuiIconButton-colorSecondary MuiIconButton-edgeEnd"
            onBlur={[Function]}
            onDragLeave={[Function]}
            onFocus={[Function]}
            onKeyDown={[Function]}
            onKeyUp={[Function]}
            onMouseDown={[Function]}
            onMouseLeave={[Function]}
            onMouseUp={[Function]}
            onTouchEnd={[Function]}
            onTouchMove={[Function]}
            onTouchStart={[Function]}
            tabIndex={null}
          >
            <span
              className="MuiIconButton-label"
            >
              <input
                aria-labelledby="checkbox-list-name-label-Test name"
                checked={false}
                className="PrivateSwitchBase-input-165"
                data-indeterminate={false}
                onChange={[Function]}
                type="checkbox"
              />
              <svg
                aria-hidden="true"
                className="MuiSvgIcon-root"
                focusable="false"
                role="presentation"
                viewBox="0 0 24 24"
              >
                <path
                  d="M19 5v14H5V5h14m0-2H5c-1.1 0-2 .9-2 2v14c0 1.1.9 2 2 2h14c1.1 0 2-.9 2-2V5c0-1.1-.9-2-2-2z"
                />
              </svg>
            </span>
          </span>
        </div>
      </li>
    </ul>
  </div>
</div>
`;
