// Jest Snapshot v1, https://goo.gl/fbAQLP

exports[`Dropzone renders correctly 1`] = `
<div
  onBlur={[Function]}
  onClick={[Function]}
  onDragEnter={[Function]}
  onDragLeave={[Function]}
  onDragOver={[Function]}
  onDrop={[Function]}
  onFocus={[Function]}
  onKeyDown={[Function]}
  style={
    Object {
      "alignContent": "center",
      "alignItems": "center",
      "border": "1px dashed #F2A71E",
      "display": "flex",
      "flexDirection": "column",
      "flexGrow": 1,
      "height": "calc(100% - 16px)",
      "justifyContent": "center",
      "margin": "8px",
      "textAlign": "center",
    }
  }
  tabIndex={0}
>
  <input
    autoComplete="off"
    multiple={true}
    onChange={[Function]}
    onClick={[Function]}
    style={
      Object {
        "display": "none",
      }
    }
    tabIndex={-1}
    type="file"
  />
  <svg
    aria-hidden="true"
    className="MuiSvgIcon-root"
    focusable="false"
    role="presentation"
    style={
      Object {
        "height": "2em",
        "width": "2em",
      }
    }
    viewBox="0 0 24 24"
  >
    <path
      d="M19.35 10.04C18.67 6.59 15.64 4 12 4 9.11 4 6.6 5.64 5.35 8.04 2.34 8.36 0 10.91 0 14c0 3.31 2.69 6 6 6h13c2.76 0 5-2.24 5-5 0-2.64-2.05-4.78-4.65-4.96zM14 13v4h-4v-4H7l5-5 5 5h-3z"
    />
  </svg>
  <p
    className="MuiTypography-root MuiTypography-body1"
  >
    Drag 'n' drop some files here, or click to select files
  </p>
</div>
`;
