// Jest Snapshot v1, https://goo.gl/fbAQLP

exports[`InjuryDialog renders correctly 1`] = `<div />`;
