// Jest Snapshot v1, https://goo.gl/fbAQLP

exports[`Jest Test correctly renders 1`] = `
<button
  onClick={[Function]}
>
  Some Text
</button>
`;
