// Jest Snapshot v1, https://goo.gl/fbAQLP

exports[`UserManagementPage renders correctly 1`] = `
<div
  className="makeStyles-root-1"
>
  <div
    className="MuiFormControl-root MuiTextField-root makeStyles-searchBar-3 MuiFormControl-fullWidth"
  >
    <label
      className="MuiFormLabel-root MuiInputLabel-root MuiInputLabel-formControl MuiInputLabel-animated MuiInputLabel-outlined"
      data-shrink={false}
    >
      Search User...
    </label>
    <div
      className="MuiInputBase-root MuiOutlinedInput-root MuiInputBase-fullWidth MuiInputBase-formControl"
      onClick={[Function]}
    >
      <input
        aria-invalid={false}
        autoFocus={false}
        className="MuiInputBase-input MuiOutlinedInput-input"
        disabled={false}
        onAnimationStart={[Function]}
        onBlur={[Function]}
        onChange={[Function]}
        onFocus={[Function]}
        required={false}
        type="text"
        value=""
      />
      <fieldset
        aria-hidden={true}
        className="PrivateNotchedOutline-root-67 MuiOutlinedInput-notchedOutline"
      >
        <legend
          className="PrivateNotchedOutline-legendLabelled-69"
        >
          <span>
            Search User...
          </span>
        </legend>
      </fieldset>
    </div>
  </div>
  <div
    style={
      Object {
        "alignItems": "center",
        "alignSelf": "center",
        "display": "flex",
        "height": "100%",
        "justifyContent": "center",
        "width": "100%",
      }
    }
  >
    <div
      className="MuiCircularProgress-root MuiCircularProgress-colorPrimary MuiCircularProgress-indeterminate"
      role="progressbar"
      style={
        Object {
          "height": 60,
          "width": 60,
        }
      }
    >
      <svg
        className="MuiCircularProgress-svg"
        viewBox="22 22 44 44"
      >
        <circle
          className="MuiCircularProgress-circle MuiCircularProgress-circleIndeterminate"
          cx={44}
          cy={44}
          fill="none"
          r={20.2}
          strokeWidth={3.6}
          style={Object {}}
        />
      </svg>
    </div>
  </div>
</div>
`;
